Archive member included because of file (symbol)

c:/program files/sdk_win_64/sdk_win_64/winavr/bin/../lib/gcc/avr/4.3.3/avr5\libgcc.a(_udivmodhi4.o)
                              ./Free_RTOS/queue.o (__udivmodhi4)
c:/program files/sdk_win_64/sdk_win_64/winavr/bin/../lib/gcc/avr/4.3.3/avr5\libgcc.a(_udivmodsi4.o)
                              ./HAL/HLCD/HLCD_program.o (__udivmodsi4)
c:/program files/sdk_win_64/sdk_win_64/winavr/bin/../lib/gcc/avr/4.3.3/avr5\libgcc.a(_exit.o)
                              c:/program files/sdk_win_64/sdk_win_64/winavr/bin/../lib/gcc/avr/4.3.3/../../../../avr/lib/avr5/crtm32.o (exit)
c:/program files/sdk_win_64/sdk_win_64/winavr/bin/../lib/gcc/avr/4.3.3/avr5\libgcc.a(_copy_data.o)
                              ./HAL/HSSD/HSSD_program.o (__do_copy_data)
c:/program files/sdk_win_64/sdk_win_64/winavr/bin/../lib/gcc/avr/4.3.3/avr5\libgcc.a(_clear_bss.o)
                              ./MCAL/MTIMER0/MTIMER0_program.o (__do_clear_bss)
c:/program files/sdk_win_64/sdk_win_64/winavr/bin/../lib/gcc/avr/4.3.3/../../../../avr/lib/avr5\libc.a(memcpy.o)
                              ./Free_RTOS/queue.o (memcpy)
c:/program files/sdk_win_64/sdk_win_64/winavr/bin/../lib/gcc/avr/4.3.3/../../../../avr/lib/avr5\libc.a(memset.o)
                              ./HAL/HEEPROM/EEPROM_I2C.o (memset)

Allocating common symbols
Common symbol       size              file

global_ptrf_INT2    0x2               ./MCAL/MEXTI/MEXTI_program.o
LCDSem              0x2               ./main.o
CardSem             0x2               ./main.o
global_ptrf_INT0    0x2               ./MCAL/MEXTI/MEXTI_program.o
PassSem             0x2               ./main.o
Customers           0x28              ./main.o
global_ptrf_INT1    0x2               ./MCAL/MEXTI/MEXTI_program.o
PASS_KPD_Message    0x2               ./main.o
ID_KPD_Message      0x2               ./main.o
ID_Index_Message    0x2               ./main.o

Memory Configuration

Name             Origin             Length             Attributes
text             0x00000000         0x00020000         xr
data             0x00800060         0x0000ffa0         rw !x
eeprom           0x00810000         0x00010000         rw !x
fuse             0x00820000         0x00000400         rw !x
lock             0x00830000         0x00000400         rw !x
signature        0x00840000         0x00000400         rw !x
*default*        0x00000000         0xffffffff

Linker script and memory map

LOAD c:/program files/sdk_win_64/sdk_win_64/winavr/bin/../lib/gcc/avr/4.3.3/../../../../avr/lib/avr5/crtm32.o
LOAD ./MCAL/MTWI/TWI.o
LOAD ./MCAL/MTIMER0/MTIMER0_program.o
LOAD ./MCAL/MEXTI/MEXTI_program.o
LOAD ./MCAL/MADC/MADC_program.o
LOAD ./MCAL/GPI/GPI_program.o
LOAD ./MCAL/DIO/DIO_program.o
LOAD ./HAL/HSSD/HSSD_program.o
LOAD ./HAL/HLED/HLED_program.o
LOAD ./HAL/HLCD/HLCD_program.o
LOAD ./HAL/HKEYPAD/HKEYPAD_program.o
LOAD ./HAL/HEEPROM/EEPROM_I2C.o
LOAD ./Free_RTOS/croutine.o
LOAD ./Free_RTOS/event_groups.o
LOAD ./Free_RTOS/heap_1.o
LOAD ./Free_RTOS/list.o
LOAD ./Free_RTOS/port.o
LOAD ./Free_RTOS/queue.o
LOAD ./Free_RTOS/stream_buffer.o
LOAD ./Free_RTOS/tasks.o
LOAD ./Free_RTOS/timers.o
LOAD ./main.o
LOAD c:/program files/sdk_win_64/sdk_win_64/winavr/bin/../lib/gcc/avr/4.3.3/avr5\libgcc.a
LOAD c:/program files/sdk_win_64/sdk_win_64/winavr/bin/../lib/gcc/avr/4.3.3/../../../../avr/lib/avr5\libc.a
LOAD c:/program files/sdk_win_64/sdk_win_64/winavr/bin/../lib/gcc/avr/4.3.3/avr5\libgcc.a

.hash
 *(.hash)

.dynsym
 *(.dynsym)

.dynstr
 *(.dynstr)

.gnu.version
 *(.gnu.version)

.gnu.version_d
 *(.gnu.version_d)

.gnu.version_r
 *(.gnu.version_r)

.rel.init
 *(.rel.init)

.rela.init
 *(.rela.init)

.rel.text
 *(.rel.text)
 *(.rel.text.*)
 *(.rel.gnu.linkonce.t*)

.rela.text
 *(.rela.text)
 *(.rela.text.*)
 *(.rela.gnu.linkonce.t*)

.rel.fini
 *(.rel.fini)

.rela.fini
 *(.rela.fini)

.rel.rodata
 *(.rel.rodata)
 *(.rel.rodata.*)
 *(.rel.gnu.linkonce.r*)

.rela.rodata
 *(.rela.rodata)
 *(.rela.rodata.*)
 *(.rela.gnu.linkonce.r*)

.rel.data
 *(.rel.data)
 *(.rel.data.*)
 *(.rel.gnu.linkonce.d*)

.rela.data
 *(.rela.data)
 *(.rela.data.*)
 *(.rela.gnu.linkonce.d*)

.rel.ctors
 *(.rel.ctors)

.rela.ctors
 *(.rela.ctors)

.rel.dtors
 *(.rel.dtors)

.rela.dtors
 *(.rela.dtors)

.rel.got
 *(.rel.got)

.rela.got
 *(.rela.got)

.rel.bss
 *(.rel.bss)

.rela.bss
 *(.rela.bss)

.rel.plt
 *(.rel.plt)

.rela.plt
 *(.rela.plt)

.text           0x00000000     0x4852
 *(.vectors)
 .vectors       0x00000000       0x54 c:/program files/sdk_win_64/sdk_win_64/winavr/bin/../lib/gcc/avr/4.3.3/../../../../avr/lib/avr5/crtm32.o
                0x00000000                __vectors
                0x00000000                __vector_default
 *(.vectors)
 *(.progmem.gcc*)
 *(.progmem*)
                0x00000054                . = ALIGN (0x2)
                0x00000054                __trampolines_start = .
 *(.trampolines)
 .trampolines   0x00000054        0x0 linker stubs
 *(.trampolines*)
                0x00000054                __trampolines_end = .
 *(.jumptables)
 *(.jumptables*)
 *(.lowtext)
 *(.lowtext*)
                0x00000054                __ctors_start = .
 *(.ctors)
                0x00000054                __ctors_end = .
                0x00000054                __dtors_start = .
 *(.dtors)
                0x00000054                __dtors_end = .
 SORT(*)(.ctors)
 SORT(*)(.dtors)
 *(.init0)
 .init0         0x00000054        0x0 c:/program files/sdk_win_64/sdk_win_64/winavr/bin/../lib/gcc/avr/4.3.3/../../../../avr/lib/avr5/crtm32.o
                0x00000054                __init
 *(.init0)
 *(.init1)
 *(.init1)
 *(.init2)
 .init2         0x00000054        0xc c:/program files/sdk_win_64/sdk_win_64/winavr/bin/../lib/gcc/avr/4.3.3/../../../../avr/lib/avr5/crtm32.o
 *(.init2)
 *(.init3)
 *(.init3)
 *(.init4)
 .init4         0x00000060       0x16 c:/program files/sdk_win_64/sdk_win_64/winavr/bin/../lib/gcc/avr/4.3.3/avr5\libgcc.a(_copy_data.o)
                0x00000060                __do_copy_data
 .init4         0x00000076       0x10 c:/program files/sdk_win_64/sdk_win_64/winavr/bin/../lib/gcc/avr/4.3.3/avr5\libgcc.a(_clear_bss.o)
                0x00000076                __do_clear_bss
 *(.init4)
 *(.init5)
 *(.init5)
 *(.init6)
 *(.init6)
 *(.init7)
 *(.init7)
 *(.init8)
 *(.init8)
 *(.init9)
 .init9         0x00000086        0x8 c:/program files/sdk_win_64/sdk_win_64/winavr/bin/../lib/gcc/avr/4.3.3/../../../../avr/lib/avr5/crtm32.o
 *(.init9)
 *(.text)
 .text          0x0000008e        0x4 c:/program files/sdk_win_64/sdk_win_64/winavr/bin/../lib/gcc/avr/4.3.3/../../../../avr/lib/avr5/crtm32.o
                0x0000008e                __vector_12
                0x0000008e                __bad_interrupt
                0x0000008e                __vector_6
                0x0000008e                __vector_13
                0x0000008e                __vector_17
                0x0000008e                __vector_19
                0x0000008e                __vector_5
                0x0000008e                __vector_4
                0x0000008e                __vector_9
                0x0000008e                __vector_15
                0x0000008e                __vector_8
                0x0000008e                __vector_14
                0x0000008e                __vector_16
                0x0000008e                __vector_18
                0x0000008e                __vector_20
 .text          0x00000092        0x0 ./MCAL/MTWI/TWI.o
 .text          0x00000092        0x0 ./MCAL/MTIMER0/MTIMER0_program.o
 .text          0x00000092        0x0 ./MCAL/MEXTI/MEXTI_program.o
 .text          0x00000092        0x0 ./MCAL/MADC/MADC_program.o
 .text          0x00000092        0x0 ./MCAL/GPI/GPI_program.o
 .text          0x00000092        0x0 ./MCAL/DIO/DIO_program.o
 .text          0x00000092        0x0 ./HAL/HSSD/HSSD_program.o
 .text          0x00000092        0x0 ./HAL/HLED/HLED_program.o
 .text          0x00000092        0x0 ./HAL/HLCD/HLCD_program.o
 .text          0x00000092        0x0 ./HAL/HKEYPAD/HKEYPAD_program.o
 .text          0x00000092        0x0 ./HAL/HEEPROM/EEPROM_I2C.o
 .text          0x00000092        0x0 ./Free_RTOS/croutine.o
 .text          0x00000092        0x0 ./Free_RTOS/event_groups.o
 .text          0x00000092        0x0 ./Free_RTOS/heap_1.o
 .text          0x00000092        0x0 ./Free_RTOS/list.o
 .text          0x00000092        0x0 ./Free_RTOS/port.o
 .text          0x00000092        0x0 ./Free_RTOS/queue.o
 .text          0x00000092        0x0 ./Free_RTOS/stream_buffer.o
 .text          0x00000092        0x0 ./Free_RTOS/tasks.o
 .text          0x00000092        0x0 ./Free_RTOS/timers.o
 .text          0x00000092        0x0 ./main.o
 .text          0x00000092        0x0 c:/program files/sdk_win_64/sdk_win_64/winavr/bin/../lib/gcc/avr/4.3.3/avr5\libgcc.a(_udivmodhi4.o)
 .text          0x00000092        0x0 c:/program files/sdk_win_64/sdk_win_64/winavr/bin/../lib/gcc/avr/4.3.3/avr5\libgcc.a(_udivmodsi4.o)
 .text          0x00000092        0x0 c:/program files/sdk_win_64/sdk_win_64/winavr/bin/../lib/gcc/avr/4.3.3/avr5\libgcc.a(_exit.o)
 .text          0x00000092        0x0 c:/program files/sdk_win_64/sdk_win_64/winavr/bin/../lib/gcc/avr/4.3.3/avr5\libgcc.a(_copy_data.o)
 .text          0x00000092        0x0 c:/program files/sdk_win_64/sdk_win_64/winavr/bin/../lib/gcc/avr/4.3.3/avr5\libgcc.a(_clear_bss.o)
 .text          0x00000092        0x0 c:/program files/sdk_win_64/sdk_win_64/winavr/bin/../lib/gcc/avr/4.3.3/../../../../avr/lib/avr5\libc.a(memcpy.o)
 .text          0x00000092        0x0 c:/program files/sdk_win_64/sdk_win_64/winavr/bin/../lib/gcc/avr/4.3.3/../../../../avr/lib/avr5\libc.a(memset.o)
                0x00000092                . = ALIGN (0x2)
 *(.text.*)
 .text.TWI_InitM
                0x00000092        0xc ./MCAL/MTWI/TWI.o
                0x00000092                TWI_InitM
 .text.TWI_StartM
                0x0000009e       0x14 ./MCAL/MTWI/TWI.o
                0x0000009e                TWI_StartM
 .text.TWI_REPStartM
                0x000000b2       0x14 ./MCAL/MTWI/TWI.o
                0x000000b2                TWI_REPStartM
 .text.TMI_WriteA
                0x000000c6       0x1e ./MCAL/MTWI/TWI.o
                0x000000c6                TMI_WriteA
 .text.TMI_WriteD
                0x000000e4       0x1e ./MCAL/MTWI/TWI.o
                0x000000e4                TMI_WriteD
 .text.TWI_stop
                0x00000102        0x6 ./MCAL/MTWI/TWI.o
                0x00000102                TWI_stop
 .text.TWI_Init_S
                0x00000108        0x4 ./MCAL/MTWI/TWI.o
                0x00000108                TWI_Init_S
 .text.TWI_Receive
                0x0000010c       0x16 ./MCAL/MTWI/TWI.o
                0x0000010c                TWI_Receive
 .text.TWI_ACK  0x00000122       0x16 ./MCAL/MTWI/TWI.o
                0x00000122                TWI_ACK
 .text.TWI_Read
                0x00000138       0x30 ./MCAL/MTWI/TWI.o
                0x00000138                TWI_Read
 .text.MTIMER0_void_Init
                0x00000168       0x24 ./MCAL/MTIMER0/MTIMER0_program.o
                0x00000168                MTIMER0_void_Init
 .text.MTIMER0_void_TimerStart
                0x0000018c        0xe ./MCAL/MTIMER0/MTIMER0_program.o
                0x0000018c                MTIMER0_void_TimerStart
 .text.MTIMER0_void_TimerStop
                0x0000019a        0xc ./MCAL/MTIMER0/MTIMER0_program.o
                0x0000019a                MTIMER0_void_TimerStop
 .text.MTIMER0_void_EnableOVFInt
                0x000001a6        0x8 ./MCAL/MTIMER0/MTIMER0_program.o
                0x000001a6                MTIMER0_void_EnableOVFInt
 .text.MTIMER0_void_DisableOVFInt
                0x000001ae        0x8 ./MCAL/MTIMER0/MTIMER0_program.o
                0x000001ae                MTIMER0_void_DisableOVFInt
 .text.MTIMER0_void_OVFsetCallBack
                0x000001b6        0xa ./MCAL/MTIMER0/MTIMER0_program.o
                0x000001b6                MTIMER0_void_OVFsetCallBack
 .text.MTIMER0_void_setPreload
                0x000001c0        0x4 ./MCAL/MTIMER0/MTIMER0_program.o
                0x000001c0                MTIMER0_void_setPreload
 .text.MTIMER0_void_EnableCTCInt
                0x000001c4        0x8 ./MCAL/MTIMER0/MTIMER0_program.o
                0x000001c4                MTIMER0_void_EnableCTCInt
 .text.MTIMER0_void_DisableCTCInt
                0x000001cc        0x8 ./MCAL/MTIMER0/MTIMER0_program.o
                0x000001cc                MTIMER0_void_DisableCTCInt
 .text.MTIMER0_void_CTCsetCallBack
                0x000001d4        0xa ./MCAL/MTIMER0/MTIMER0_program.o
                0x000001d4                MTIMER0_void_CTCsetCallBack
 .text.MTIMER0_void_setCompareValue
                0x000001de        0x4 ./MCAL/MTIMER0/MTIMER0_program.o
                0x000001de                MTIMER0_void_setCompareValue
 .text.MTIMER0_void_setFastPWM
                0x000001e2        0x2 ./MCAL/MTIMER0/MTIMER0_program.o
                0x000001e2                MTIMER0_void_setFastPWM
 .text.__vector_11
                0x000001e4       0x4e ./MCAL/MTIMER0/MTIMER0_program.o
                0x000001e4                __vector_11
 .text.__vector_10
                0x00000232       0x4e ./MCAL/MTIMER0/MTIMER0_program.o
                0x00000232                __vector_10
 .text.MEXTI_voidEnable_Int
                0x00000280       0xac ./MCAL/MEXTI/MEXTI_program.o
                0x00000280                MEXTI_voidEnable_Int
 .text.MEXTI_voidDisable_Int
                0x0000032c       0x24 ./MCAL/MEXTI/MEXTI_program.o
                0x0000032c                MEXTI_voidDisable_Int
 .text.MEXTI_setCallBack_INT0
                0x00000350        0xa ./MCAL/MEXTI/MEXTI_program.o
                0x00000350                MEXTI_setCallBack_INT0
 .text.MEXTI_setCallBack_INT1
                0x0000035a        0xa ./MCAL/MEXTI/MEXTI_program.o
                0x0000035a                MEXTI_setCallBack_INT1
 .text.MEXTI_setCallBack_INT2
                0x00000364        0xa ./MCAL/MEXTI/MEXTI_program.o
                0x00000364                MEXTI_setCallBack_INT2
 .text.__vector_1
                0x0000036e       0x4e ./MCAL/MEXTI/MEXTI_program.o
                0x0000036e                __vector_1
 .text.__vector_2
                0x000003bc       0x4e ./MCAL/MEXTI/MEXTI_program.o
                0x000003bc                __vector_2
 .text.__vector_3
                0x0000040a       0x4e ./MCAL/MEXTI/MEXTI_program.o
                0x0000040a                __vector_3
 .text.MADC_voidInit
                0x00000458       0x18 ./MCAL/MADC/MADC_program.o
                0x00000458                MADC_voidInit
 .text.MADC_voidADCread
                0x00000470       0x22 ./MCAL/MADC/MADC_program.o
                0x00000470                MADC_voidADCread
 .text.GPI_voidEnable
                0x00000492        0x8 ./MCAL/GPI/GPI_program.o
                0x00000492                GPI_voidEnable
 .text.GPI_voidDisable
                0x0000049a        0x8 ./MCAL/GPI/GPI_program.o
                0x0000049a                GPI_voidDisable
 .text.DIO_voidInit
                0x000004a2       0x16 ./MCAL/DIO/DIO_program.o
                0x000004a2                DIO_voidInit
 .text.DIO_u8SetPinDirection
                0x000004b8      0x198 ./MCAL/DIO/DIO_program.o
                0x000004b8                DIO_u8SetPinDirection
 .text.DIO_u8SetPinValue
                0x00000650      0x106 ./MCAL/DIO/DIO_program.o
                0x00000650                DIO_u8SetPinValue
 .text.DIO_u8GetPinValue
                0x00000756       0x44 ./MCAL/DIO/DIO_program.o
                0x00000756                DIO_u8GetPinValue
 .text.DIO_u8TogPinValue
                0x0000079a       0x74 ./MCAL/DIO/DIO_program.o
                0x0000079a                DIO_u8TogPinValue
 .text.DIO_u8SetPortDirection
                0x0000080e       0x9a ./MCAL/DIO/DIO_program.o
                0x0000080e                DIO_u8SetPortDirection
 .text.DIO_u8SetPortValue
                0x000008a8       0x28 ./MCAL/DIO/DIO_program.o
                0x000008a8                DIO_u8SetPortValue
 .text.DIO_u8GetPortValue
                0x000008d0       0x32 ./MCAL/DIO/DIO_program.o
                0x000008d0                DIO_u8GetPortValue
 .text.DIO_void_Set4Bits_Value
                0x00000902       0x52 ./MCAL/DIO/DIO_program.o
                0x00000902                DIO_void_Set4Bits_Value
 .text.HSSD_BCD_voidSetNumber
                0x00000954       0x30 ./HAL/HSSD/HSSD_program.o
                0x00000954                HSSD_BCD_voidSetNumber
 .text.HSSD_voidSetNumber
                0x00000984       0xb4 ./HAL/HSSD/HSSD_program.o
                0x00000984                HSSD_voidSetNumber
 .text.HLED_voidTogLed
                0x00000a38       0x28 ./HAL/HLED/HLED_program.o
                0x00000a38                HLED_voidTogLed
 .text.HLED_voidTurnOFF
                0x00000a60       0x2c ./HAL/HLED/HLED_program.o
                0x00000a60                HLED_voidTurnOFF
 .text.HLED_voidTurnON
                0x00000a8c       0x2c ./HAL/HLED/HLED_program.o
                0x00000a8c                HLED_voidTurnON
 .text.HLED_voidLedInit
                0x00000ab8       0x2c ./HAL/HLED/HLED_program.o
                0x00000ab8                HLED_voidLedInit
 .text.HLCD_voidSendData
                0x00000ae4       0x78 ./HAL/HLCD/HLCD_program.o
                0x00000ae4                HLCD_voidSendData
 .text.HLCD_voidPrintCustomized
                0x00000b5c        0x6 ./HAL/HLCD/HLCD_program.o
                0x00000b5c                HLCD_voidPrintCustomized
 .text.HLCD_voidSendNumber
                0x00000b62       0xbc ./HAL/HLCD/HLCD_program.o
                0x00000b62                HLCD_voidSendNumber
 .text.HLCD_voidSendString
                0x00000c1e       0x26 ./HAL/HLCD/HLCD_program.o
                0x00000c1e                HLCD_voidSendString
 .text.HLCD_voidSendCommand
                0x00000c44       0x36 ./HAL/HLCD/HLCD_program.o
                0x00000c44                HLCD_voidSendCommand
 .text.HLCD_voidSendCustomized
                0x00000c7a       0x64 ./HAL/HLCD/HLCD_program.o
                0x00000c7a                HLCD_voidSendCustomized
 .text.HLCD_voidSetPosition
                0x00000cde       0x30 ./HAL/HLCD/HLCD_program.o
                0x00000cde                HLCD_voidSetPosition
 .text.HLCD_voidClearDisplay
                0x00000d0e        0xe ./HAL/HLCD/HLCD_program.o
                0x00000d0e                HLCD_voidClearDisplay
 .text.HLCD_voidInit
                0x00000d1c       0xaa ./HAL/HLCD/HLCD_program.o
                0x00000d1c                HLCD_voidInit
 .text.HKEYPAD_u8GetPressedKey
                0x00000dc6       0xfa ./HAL/HKEYPAD/HKEYPAD_program.o
                0x00000dc6                HKEYPAD_u8GetPressedKey
 .text.HKEYPAD_voidInit
                0x00000ec0       0x7a ./HAL/HKEYPAD/HKEYPAD_program.o
                0x00000ec0                HKEYPAD_voidInit
 .text.EEPROM_determine_size
                0x00000f3a       0x18 ./HAL/HEEPROM/EEPROM_I2C.o
                0x00000f3a                EEPROM_determine_size
 .text.EEPROM_read_data_byte
                0x00000f52       0x48 ./HAL/HEEPROM/EEPROM_I2C.o
                0x00000f52                EEPROM_read_data_byte
 .text.EEPROM_read_data_bytes_per_page
                0x00000f9a       0x56 ./HAL/HEEPROM/EEPROM_I2C.o
                0x00000f9a                EEPROM_read_data_bytes_per_page
 .text.EEPROM_read_DataBace
                0x00000ff0       0xbe ./HAL/HEEPROM/EEPROM_I2C.o
                0x00000ff0                EEPROM_read_DataBace
 .text.EEPROM_write_data_byte
                0x000010ae       0x42 ./HAL/HEEPROM/EEPROM_I2C.o
                0x000010ae                EEPROM_write_data_byte
 .text.EEPROM_write_data_bytes_per_page
                0x000010f0       0x4e ./HAL/HEEPROM/EEPROM_I2C.o
                0x000010f0                EEPROM_write_data_bytes_per_page
 .text.EEPROM_erase_data_per_page
                0x0000113e       0x58 ./HAL/HEEPROM/EEPROM_I2C.o
                0x0000113e                EEPROM_erase_data_per_page
 .text.EEPROM_write_DataBace
                0x00001196       0x9e ./HAL/HEEPROM/EEPROM_I2C.o
                0x00001196                EEPROM_write_DataBace
 .text.EEPROM_VidInit
                0x00001234        0x6 ./HAL/HEEPROM/EEPROM_I2C.o
                0x00001234                EEPROM_VidInit
 .text.xEventGroupClearBits
                0x0000123a       0x20 ./Free_RTOS/event_groups.o
                0x0000123a                xEventGroupClearBits
 .text.xEventGroupGetBitsFromISR
                0x0000125a        0x8 ./Free_RTOS/event_groups.o
                0x0000125a                xEventGroupGetBitsFromISR
 .text.vEventGroupClearBitsCallback
                0x00001262        0x8 ./Free_RTOS/event_groups.o
                0x00001262                vEventGroupClearBitsCallback
 .text.vEventGroupDelete
                0x0000126a       0x2e ./Free_RTOS/event_groups.o
                0x0000126a                vEventGroupDelete
 .text.xEventGroupSetBits
                0x00001298       0xb0 ./Free_RTOS/event_groups.o
                0x00001298                xEventGroupSetBits
 .text.vEventGroupSetBitsCallback
                0x00001348        0x8 ./Free_RTOS/event_groups.o
                0x00001348                vEventGroupSetBitsCallback
 .text.xEventGroupWaitBits
                0x00001350       0xfe ./Free_RTOS/event_groups.o
                0x00001350                xEventGroupWaitBits
 .text.xEventGroupSync
                0x0000144e       0xd6 ./Free_RTOS/event_groups.o
                0x0000144e                xEventGroupSync
 .text.xEventGroupCreate
                0x00001524       0x26 ./Free_RTOS/event_groups.o
                0x00001524                xEventGroupCreate
 .text.vPortFree
                0x0000154a        0x2 ./Free_RTOS/heap_1.o
                0x0000154a                vPortFree
 .text.vPortInitialiseBlocks
                0x0000154c        0xa ./Free_RTOS/heap_1.o
                0x0000154c                vPortInitialiseBlocks
 .text.xPortGetFreeHeapSize
                0x00001556       0x14 ./Free_RTOS/heap_1.o
                0x00001556                xPortGetFreeHeapSize
 .text.pvPortMalloc
                0x0000156a       0x68 ./Free_RTOS/heap_1.o
                0x0000156a                pvPortMalloc
 .text.vListInitialise
                0x000015d2       0x20 ./Free_RTOS/list.o
                0x000015d2                vListInitialise
 .text.vListInitialiseItem
                0x000015f2        0x8 ./Free_RTOS/list.o
                0x000015f2                vListInitialiseItem
 .text.vListInsertEnd
                0x000015fa       0x3e ./Free_RTOS/list.o
                0x000015fa                vListInsertEnd
 .text.vListInsert
                0x00001638       0x64 ./Free_RTOS/list.o
                0x00001638                vListInsert
 .text.uxListRemove
                0x0000169c       0x56 ./Free_RTOS/list.o
                0x0000169c                uxListRemove
 .text.pxPortInitialiseStack
                0x000016f2       0x90 ./Free_RTOS/port.o
                0x000016f2                pxPortInitialiseStack
 .text.xPortStartScheduler
                0x00001782       0x6a ./Free_RTOS/port.o
                0x00001782                xPortStartScheduler
 .text.vPortEndScheduler
                0x000017ec        0x2 ./Free_RTOS/port.o
                0x000017ec                vPortEndScheduler
 .text.vPortYieldFromTick
                0x000017ee       0xba ./Free_RTOS/port.o
                0x000017ee                vPortYieldFromTick
 .text.__vector_7
                0x000018a8        0x6 ./Free_RTOS/port.o
                0x000018a8                __vector_7
 .text.vPortYield
                0x000018ae       0xb2 ./Free_RTOS/port.o
                0x000018ae                vPortYield
 .text.uxQueueMessagesWaiting
                0x00001960       0x10 ./Free_RTOS/queue.o
                0x00001960                uxQueueMessagesWaiting
 .text.uxQueueSpacesAvailable
                0x00001970       0x14 ./Free_RTOS/queue.o
                0x00001970                uxQueueSpacesAvailable
 .text.uxQueueMessagesWaitingFromISR
                0x00001984        0x6 ./Free_RTOS/queue.o
                0x00001984                uxQueueMessagesWaitingFromISR
 .text.xQueueIsQueueEmptyFromISR
                0x0000198a       0x10 ./Free_RTOS/queue.o
                0x0000198a                xQueueIsQueueEmptyFromISR
 .text.xQueueIsQueueFullFromISR
                0x0000199a       0x12 ./Free_RTOS/queue.o
                0x0000199a                xQueueIsQueueFullFromISR
 .text.vQueueDelete
                0x000019ac        0x6 ./Free_RTOS/queue.o
                0x000019ac                vQueueDelete
 .text.prvCopyDataFromQueue
                0x000019b2       0x3c ./Free_RTOS/queue.o
 .text.xQueuePeekFromISR
                0x000019ee       0x2a ./Free_RTOS/queue.o
                0x000019ee                xQueuePeekFromISR
 .text.prvCopyDataToQueue
                0x00001a18       0x94 ./Free_RTOS/queue.o
 .text.xQueueReceiveFromISR
                0x00001aac       0x5c ./Free_RTOS/queue.o
                0x00001aac                xQueueReceiveFromISR
 .text.xQueueGiveFromISR
                0x00001b08       0x46 ./Free_RTOS/queue.o
                0x00001b08                xQueueGiveFromISR
 .text.xQueueGenericSendFromISR
                0x00001b4e       0x60 ./Free_RTOS/queue.o
                0x00001b4e                xQueueGenericSendFromISR
 .text.prvUnlockQueue
                0x00001bae       0x84 ./Free_RTOS/queue.o
 .text.xQueuePeek
                0x00001c32      0x152 ./Free_RTOS/queue.o
                0x00001c32                xQueuePeek
 .text.xQueueSemaphoreTake
                0x00001d84      0x13e ./Free_RTOS/queue.o
                0x00001d84                xQueueSemaphoreTake
 .text.xQueueReceive
                0x00001ec2      0x156 ./Free_RTOS/queue.o
                0x00001ec2                xQueueReceive
 .text.xQueueGenericSend
                0x00002018      0x156 ./Free_RTOS/queue.o
                0x00002018                xQueueGenericSend
 .text.xQueueGenericReset
                0x0000216e       0xb4 ./Free_RTOS/queue.o
                0x0000216e                xQueueGenericReset
 .text.xQueueGenericCreate
                0x00002222       0x70 ./Free_RTOS/queue.o
                0x00002222                xQueueGenericCreate
 .text.xQueueCreateCountingSemaphore
                0x00002292       0x28 ./Free_RTOS/queue.o
                0x00002292                xQueueCreateCountingSemaphore
 .text.xStreamBufferSetTriggerLevel
                0x000022ba       0x22 ./Free_RTOS/stream_buffer.o
                0x000022ba                xStreamBufferSetTriggerLevel
 .text.xStreamBufferSpacesAvailable
                0x000022dc       0x38 ./Free_RTOS/stream_buffer.o
                0x000022dc                xStreamBufferSpacesAvailable
 .text.xStreamBufferBytesAvailable
                0x00002314       0x24 ./Free_RTOS/stream_buffer.o
                0x00002314                xStreamBufferBytesAvailable
 .text.xStreamBufferIsEmpty
                0x00002338       0x18 ./Free_RTOS/stream_buffer.o
                0x00002338                xStreamBufferIsEmpty
 .text.xStreamBufferIsFull
                0x00002350       0x2e ./Free_RTOS/stream_buffer.o
                0x00002350                xStreamBufferIsFull
 .text.xStreamBufferReceiveCompletedFromISR
                0x0000237e       0x4c ./Free_RTOS/stream_buffer.o
                0x0000237e                xStreamBufferReceiveCompletedFromISR
 .text.xStreamBufferSendCompletedFromISR
                0x000023ca       0x4c ./Free_RTOS/stream_buffer.o
                0x000023ca                xStreamBufferSendCompletedFromISR
 .text.prvReadBytesFromBuffer
                0x00002416       0x9a ./Free_RTOS/stream_buffer.o
 .text.prvReadMessageFromBuffer
                0x000024b0       0x92 ./Free_RTOS/stream_buffer.o
 .text.xStreamBufferReceiveFromISR
                0x00002542       0x96 ./Free_RTOS/stream_buffer.o
                0x00002542                xStreamBufferReceiveFromISR
 .text.xStreamBufferNextMessageLengthBytes
                0x000025d8       0x60 ./Free_RTOS/stream_buffer.o
                0x000025d8                xStreamBufferNextMessageLengthBytes
 .text.prvWriteBytesToBuffer
                0x00002638       0x9a ./Free_RTOS/stream_buffer.o
 .text.prvWriteMessageToBuffer
                0x000026d2       0x96 ./Free_RTOS/stream_buffer.o
 .text.xStreamBufferSendFromISR
                0x00002768       0xae ./Free_RTOS/stream_buffer.o
                0x00002768                xStreamBufferSendFromISR
 .text.xStreamBufferReceive
                0x00002816      0x128 ./Free_RTOS/stream_buffer.o
                0x00002816                xStreamBufferReceive
 .text.xStreamBufferSend
                0x0000293e      0x1a2 ./Free_RTOS/stream_buffer.o
                0x0000293e                xStreamBufferSend
 .text.xStreamBufferReset
                0x00002ae0       0x4a ./Free_RTOS/stream_buffer.o
                0x00002ae0                xStreamBufferReset
 .text.vStreamBufferDelete
                0x00002b2a       0x1c ./Free_RTOS/stream_buffer.o
                0x00002b2a                vStreamBufferDelete
 .text.xStreamBufferGenericCreate
                0x00002b46       0x7a ./Free_RTOS/stream_buffer.o
                0x00002b46                xStreamBufferGenericCreate
 .text.vTaskSuspendAll
                0x00002bc0        0xc ./Free_RTOS/tasks.o
                0x00002bc0                vTaskSuspendAll
 .text.xTaskGetTickCount
                0x00002bcc       0x16 ./Free_RTOS/tasks.o
                0x00002bcc                xTaskGetTickCount
 .text.xTaskGetTickCountFromISR
                0x00002be2        0xc ./Free_RTOS/tasks.o
                0x00002be2                xTaskGetTickCountFromISR
 .text.uxTaskGetNumberOfTasks
                0x00002bee        0x6 ./Free_RTOS/tasks.o
                0x00002bee                uxTaskGetNumberOfTasks
 .text.pcTaskGetName
                0x00002bf4       0x16 ./Free_RTOS/tasks.o
                0x00002bf4                pcTaskGetName
 .text.xTaskIncrementTick
                0x00002c0a      0x230 ./Free_RTOS/tasks.o
                0x00002c0a                xTaskIncrementTick
 .text.vTaskSwitchContext
                0x00002e3a       0x74 ./Free_RTOS/tasks.o
                0x00002e3a                vTaskSwitchContext
 .text.xTaskRemoveFromEventList
                0x00002eae      0x166 ./Free_RTOS/tasks.o
                0x00002eae                xTaskRemoveFromEventList
 .text.vTaskRemoveFromUnorderedEventList
                0x00003014      0x134 ./Free_RTOS/tasks.o
                0x00003014                vTaskRemoveFromUnorderedEventList
 .text.vTaskSetTimeOutState
                0x00003148       0x20 ./Free_RTOS/tasks.o
                0x00003148                vTaskSetTimeOutState
 .text.vTaskInternalSetTimeOutState
                0x00003168       0x16 ./Free_RTOS/tasks.o
                0x00003168                vTaskInternalSetTimeOutState
 .text.xTaskCheckForTimeOut
                0x0000317e       0x6a ./Free_RTOS/tasks.o
                0x0000317e                xTaskCheckForTimeOut
 .text.vTaskMissedYield
                0x000031e8        0x8 ./Free_RTOS/tasks.o
                0x000031e8                vTaskMissedYield
 .text.xTaskGetCurrentTaskHandle
                0x000031f0        0xc ./Free_RTOS/tasks.o
                0x000031f0                xTaskGetCurrentTaskHandle
 .text.uxTaskResetEventItemValue
                0x000031fc       0x30 ./Free_RTOS/tasks.o
                0x000031fc                uxTaskResetEventItemValue
 .text.xTaskGenericNotifyFromISR
                0x0000322c      0x1f8 ./Free_RTOS/tasks.o
                0x0000322c                xTaskGenericNotifyFromISR
 .text.vTaskGenericNotifyGiveFromISR
                0x00003424      0x164 ./Free_RTOS/tasks.o
                0x00003424                vTaskGenericNotifyGiveFromISR
 .text.xTaskGenericNotifyStateClear
                0x00003588       0x2c ./Free_RTOS/tasks.o
                0x00003588                xTaskGenericNotifyStateClear
 .text.ulTaskGenericNotifyValueClear
                0x000035b4       0x68 ./Free_RTOS/tasks.o
                0x000035b4                ulTaskGenericNotifyValueClear
 .text.xTaskGenericNotify
                0x0000361c      0x19c ./Free_RTOS/tasks.o
                0x0000361c                xTaskGenericNotify
 .text.xTaskResumeAll
                0x000037b8      0x1bc ./Free_RTOS/tasks.o
                0x000037b8                xTaskResumeAll
 .text.xTaskCatchUpTicks
                0x00003974       0x24 ./Free_RTOS/tasks.o
                0x00003974                xTaskCatchUpTicks
 .text.prvAddCurrentTaskToDelayedList
                0x00003998       0x88 ./Free_RTOS/tasks.o
 .text.xTaskGenericNotifyWait
                0x00003a20      0x140 ./Free_RTOS/tasks.o
                0x00003a20                xTaskGenericNotifyWait
 .text.ulTaskGenericNotifyTake
                0x00003b60       0xe8 ./Free_RTOS/tasks.o
                0x00003b60                ulTaskGenericNotifyTake
 .text.vTaskPlaceOnUnorderedEventList
                0x00003c48       0x88 ./Free_RTOS/tasks.o
                0x00003c48                vTaskPlaceOnUnorderedEventList
 .text.vTaskDelay
                0x00003cd0       0x26 ./Free_RTOS/tasks.o
                0x00003cd0                vTaskDelay
 .text.xTaskDelayUntil
                0x00003cf6       0x66 ./Free_RTOS/tasks.o
                0x00003cf6                xTaskDelayUntil
 .text.vTaskPlaceOnEventList
                0x00003d5c       0x24 ./Free_RTOS/tasks.o
                0x00003d5c                vTaskPlaceOnEventList
 .text.vTaskEndScheduler
                0x00003d80        0xc ./Free_RTOS/tasks.o
                0x00003d80                vTaskEndScheduler
 .text.prvIdleTask
                0x00003d8c       0x5e ./Free_RTOS/tasks.o
 .text.vTaskDelete
                0x00003dea       0xe4 ./Free_RTOS/tasks.o
                0x00003dea                vTaskDelete
 .text.xTaskCreate
                0x00003ece      0x264 ./Free_RTOS/tasks.o
                0x00003ece                xTaskCreate
 .text.vTaskStartScheduler
                0x00004132       0x54 ./Free_RTOS/tasks.o
                0x00004132                vTaskStartScheduler
 .text.WaitingForLCD
                0x00004186       0x48 ./main.o
                0x00004186                WaitingForLCD
 .text.APP_VidCheckOnPASS
                0x000041ce       0xe0 ./main.o
                0x000041ce                APP_VidCheckOnPASS
 .text.APP_VidGet_PASS_From_Keypad
                0x000042ae      0x12a ./main.o
                0x000042ae                APP_VidGet_PASS_From_Keypad
 .text.APP_VidCheckOnID
                0x000043d8       0xec ./main.o
                0x000043d8                APP_VidCheckOnID
 .text.APP_VidGet_ID_From_Keypad
                0x000044c4      0x12a ./main.o
                0x000044c4                APP_VidGet_ID_From_Keypad
 .text.APP_VidWelcomeTask
                0x000045ee       0x98 ./main.o
                0x000045ee                APP_VidWelcomeTask
 .text.main     0x00004686      0x13c ./main.o
                0x00004686                main
 .text.libgcc   0x000047c2       0x28 c:/program files/sdk_win_64/sdk_win_64/winavr/bin/../lib/gcc/avr/4.3.3/avr5\libgcc.a(_udivmodhi4.o)
                0x000047c2                __udivmodhi4
 .text.libgcc   0x000047ea       0x44 c:/program files/sdk_win_64/sdk_win_64/winavr/bin/../lib/gcc/avr/4.3.3/avr5\libgcc.a(_udivmodsi4.o)
                0x000047ea                __udivmodsi4
 .text.libgcc   0x0000482e        0x0 c:/program files/sdk_win_64/sdk_win_64/winavr/bin/../lib/gcc/avr/4.3.3/avr5\libgcc.a(_exit.o)
 .text.libgcc   0x0000482e        0x0 c:/program files/sdk_win_64/sdk_win_64/winavr/bin/../lib/gcc/avr/4.3.3/avr5\libgcc.a(_copy_data.o)
 .text.libgcc   0x0000482e        0x0 c:/program files/sdk_win_64/sdk_win_64/winavr/bin/../lib/gcc/avr/4.3.3/avr5\libgcc.a(_clear_bss.o)
 .text.avr-libc
                0x0000482e       0x12 c:/program files/sdk_win_64/sdk_win_64/winavr/bin/../lib/gcc/avr/4.3.3/../../../../avr/lib/avr5\libc.a(memcpy.o)
                0x0000482e                memcpy
 .text.avr-libc
                0x00004840        0xe c:/program files/sdk_win_64/sdk_win_64/winavr/bin/../lib/gcc/avr/4.3.3/../../../../avr/lib/avr5\libc.a(memset.o)
                0x00004840                memset
                0x0000484e                . = ALIGN (0x2)
 *(.fini9)
 .fini9         0x0000484e        0x0 c:/program files/sdk_win_64/sdk_win_64/winavr/bin/../lib/gcc/avr/4.3.3/avr5\libgcc.a(_exit.o)
                0x0000484e                exit
                0x0000484e                _exit
 *(.fini9)
 *(.fini8)
 *(.fini8)
 *(.fini7)
 *(.fini7)
 *(.fini6)
 *(.fini6)
 *(.fini5)
 *(.fini5)
 *(.fini4)
 *(.fini4)
 *(.fini3)
 *(.fini3)
 *(.fini2)
 *(.fini2)
 *(.fini1)
 *(.fini1)
 *(.fini0)
 .fini0         0x0000484e        0x4 c:/program files/sdk_win_64/sdk_win_64/winavr/bin/../lib/gcc/avr/4.3.3/avr5\libgcc.a(_exit.o)
 *(.fini0)
                0x00004852                _etext = .

.data           0x00800060       0xc2 load address 0x00004852
                0x00800060                PROVIDE (__data_start, .)
 *(.data)
 .data          0x00800060        0x0 c:/program files/sdk_win_64/sdk_win_64/winavr/bin/../lib/gcc/avr/4.3.3/../../../../avr/lib/avr5/crtm32.o
 .data          0x00800060        0x0 ./MCAL/MTWI/TWI.o
 .data          0x00800060        0x0 ./MCAL/MTIMER0/MTIMER0_program.o
 .data          0x00800060        0x0 ./MCAL/MEXTI/MEXTI_program.o
 .data          0x00800060        0x0 ./MCAL/MADC/MADC_program.o
 .data          0x00800060        0x0 ./MCAL/GPI/GPI_program.o
 .data          0x00800060        0x0 ./MCAL/DIO/DIO_program.o
 .data          0x00800060        0x0 ./HAL/HSSD/HSSD_program.o
 .data          0x00800060        0x0 ./HAL/HLED/HLED_program.o
 .data          0x00800060        0x0 ./HAL/HLCD/HLCD_program.o
 .data          0x00800060        0x0 ./HAL/HKEYPAD/HKEYPAD_program.o
 .data          0x00800060        0x0 ./HAL/HEEPROM/EEPROM_I2C.o
 .data          0x00800060        0x0 ./Free_RTOS/croutine.o
 .data          0x00800060        0x0 ./Free_RTOS/event_groups.o
 .data          0x00800060        0x0 ./Free_RTOS/heap_1.o
 .data          0x00800060        0x0 ./Free_RTOS/list.o
 .data          0x00800060        0x0 ./Free_RTOS/port.o
 .data          0x00800060        0x0 ./Free_RTOS/queue.o
 .data          0x00800060        0x0 ./Free_RTOS/stream_buffer.o
 .data          0x00800060        0x5 ./Free_RTOS/tasks.o
 .data          0x00800065        0x0 ./Free_RTOS/timers.o
 .data          0x00800065       0x74 ./main.o
 .data          0x008000d9        0x0 c:/program files/sdk_win_64/sdk_win_64/winavr/bin/../lib/gcc/avr/4.3.3/avr5\libgcc.a(_udivmodhi4.o)
 .data          0x008000d9        0x0 c:/program files/sdk_win_64/sdk_win_64/winavr/bin/../lib/gcc/avr/4.3.3/avr5\libgcc.a(_udivmodsi4.o)
 .data          0x008000d9        0x0 c:/program files/sdk_win_64/sdk_win_64/winavr/bin/../lib/gcc/avr/4.3.3/avr5\libgcc.a(_exit.o)
 .data          0x008000d9        0x0 c:/program files/sdk_win_64/sdk_win_64/winavr/bin/../lib/gcc/avr/4.3.3/avr5\libgcc.a(_copy_data.o)
 .data          0x008000d9        0x0 c:/program files/sdk_win_64/sdk_win_64/winavr/bin/../lib/gcc/avr/4.3.3/avr5\libgcc.a(_clear_bss.o)
 .data          0x008000d9        0x0 c:/program files/sdk_win_64/sdk_win_64/winavr/bin/../lib/gcc/avr/4.3.3/../../../../avr/lib/avr5\libc.a(memcpy.o)
 .data          0x008000d9        0x0 c:/program files/sdk_win_64/sdk_win_64/winavr/bin/../lib/gcc/avr/4.3.3/../../../../avr/lib/avr5\libc.a(memset.o)
 *(.data*)
 .data.CA_ptterns
                0x008000d9       0x10 ./HAL/HSSD/HSSD_program.o
                0x008000d9                CA_ptterns
 .data.uxTopUsedPriority
                0x008000e9        0x1 ./Free_RTOS/tasks.o
                0x008000e9                uxTopUsedPriority
 .data.CustomersWrite
                0x008000ea       0x28 ./main.o
                0x008000ea                CustomersWrite
 *(.rodata)
 *(.rodata*)
 .rodata.C.0.1299
                0x00800112       0x10 ./HAL/HKEYPAD/HKEYPAD_program.o
 *(.gnu.linkonce.d*)
                0x00800122                . = ALIGN (0x2)
                0x00800122                _edata = .
                0x00800122                PROVIDE (__data_end, .)

.bss            0x00800122      0x651
                0x00800122                PROVIDE (__bss_start, .)
 *(.bss)
 .bss           0x00800122        0x0 c:/program files/sdk_win_64/sdk_win_64/winavr/bin/../lib/gcc/avr/4.3.3/../../../../avr/lib/avr5/crtm32.o
 .bss           0x00800122        0x0 ./MCAL/MTWI/TWI.o
 .bss           0x00800122        0x0 ./MCAL/MTIMER0/MTIMER0_program.o
 .bss           0x00800122        0x0 ./MCAL/MEXTI/MEXTI_program.o
 .bss           0x00800122        0x0 ./MCAL/MADC/MADC_program.o
 .bss           0x00800122        0x0 ./MCAL/GPI/GPI_program.o
 .bss           0x00800122        0x0 ./MCAL/DIO/DIO_program.o
 .bss           0x00800122        0x0 ./HAL/HSSD/HSSD_program.o
 .bss           0x00800122        0x0 ./HAL/HLED/HLED_program.o
 .bss           0x00800122        0x0 ./HAL/HLCD/HLCD_program.o
 .bss           0x00800122        0x0 ./HAL/HKEYPAD/HKEYPAD_program.o
 .bss           0x00800122        0x0 ./HAL/HEEPROM/EEPROM_I2C.o
 .bss           0x00800122        0x0 ./Free_RTOS/croutine.o
 .bss           0x00800122        0x0 ./Free_RTOS/event_groups.o
 .bss           0x00800122        0x0 ./Free_RTOS/heap_1.o
 .bss           0x00800122        0x0 ./Free_RTOS/list.o
 .bss           0x00800122        0x0 ./Free_RTOS/port.o
 .bss           0x00800122        0x0 ./Free_RTOS/queue.o
 .bss           0x00800122        0x0 ./Free_RTOS/stream_buffer.o
 .bss           0x00800122        0x0 ./Free_RTOS/tasks.o
 .bss           0x00800122        0x0 ./Free_RTOS/timers.o
 .bss           0x00800122        0x0 ./main.o
 .bss           0x00800122        0x0 c:/program files/sdk_win_64/sdk_win_64/winavr/bin/../lib/gcc/avr/4.3.3/avr5\libgcc.a(_udivmodhi4.o)
 .bss           0x00800122        0x0 c:/program files/sdk_win_64/sdk_win_64/winavr/bin/../lib/gcc/avr/4.3.3/avr5\libgcc.a(_udivmodsi4.o)
 .bss           0x00800122        0x0 c:/program files/sdk_win_64/sdk_win_64/winavr/bin/../lib/gcc/avr/4.3.3/avr5\libgcc.a(_exit.o)
 .bss           0x00800122        0x0 c:/program files/sdk_win_64/sdk_win_64/winavr/bin/../lib/gcc/avr/4.3.3/avr5\libgcc.a(_copy_data.o)
 .bss           0x00800122        0x0 c:/program files/sdk_win_64/sdk_win_64/winavr/bin/../lib/gcc/avr/4.3.3/avr5\libgcc.a(_clear_bss.o)
 .bss           0x00800122        0x0 c:/program files/sdk_win_64/sdk_win_64/winavr/bin/../lib/gcc/avr/4.3.3/../../../../avr/lib/avr5\libc.a(memcpy.o)
 .bss           0x00800122        0x0 c:/program files/sdk_win_64/sdk_win_64/winavr/bin/../lib/gcc/avr/4.3.3/../../../../avr/lib/avr5\libc.a(memset.o)
 *(.bss*)
 .bss.pv_ptrOVFCALLBackptr
                0x00800122        0x2 ./MCAL/MTIMER0/MTIMER0_program.o
                0x00800122                pv_ptrOVFCALLBackptr
 .bss.pv_ptrCTCCALLBackptr
                0x00800124        0x2 ./MCAL/MTIMER0/MTIMER0_program.o
                0x00800124                pv_ptrCTCCALLBackptr
 .bss.xNextFreeByte
                0x00800126        0x2 ./Free_RTOS/heap_1.o
 .bss.pucAlignedHeap.1670
                0x00800128        0x2 ./Free_RTOS/heap_1.o
 .bss.ucHeap    0x0080012a      0x578 ./Free_RTOS/heap_1.o
 .bss.pxCurrentTCB
                0x008006a2        0x2 ./Free_RTOS/tasks.o
                0x008006a2                pxCurrentTCB
 .bss.uxSchedulerSuspended
                0x008006a4        0x1 ./Free_RTOS/tasks.o
 .bss.uxTopReadyPriority
                0x008006a5        0x1 ./Free_RTOS/tasks.o
 .bss.xYieldPending
                0x008006a6        0x1 ./Free_RTOS/tasks.o
 .bss.xTickCount
                0x008006a7        0x2 ./Free_RTOS/tasks.o
 .bss.xNextTaskUnblockTime
                0x008006a9        0x2 ./Free_RTOS/tasks.o
 .bss.xNumOfOverflows
                0x008006ab        0x1 ./Free_RTOS/tasks.o
 .bss.xPendedTicks
                0x008006ac        0x2 ./Free_RTOS/tasks.o
 .bss.uxCurrentNumberOfTasks
                0x008006ae        0x1 ./Free_RTOS/tasks.o
 .bss.xSchedulerRunning
                0x008006af        0x1 ./Free_RTOS/tasks.o
 .bss.xIdleTaskHandle
                0x008006b0        0x2 ./Free_RTOS/tasks.o
 .bss.uxDeletedTasksWaitingCleanUp
                0x008006b2        0x1 ./Free_RTOS/tasks.o
 .bss.uxTaskNumber
                0x008006b3        0x1 ./Free_RTOS/tasks.o
 .bss.pxReadyTasksLists
                0x008006b4       0x5a ./Free_RTOS/tasks.o
 .bss.xDelayedTaskList1
                0x0080070e        0x9 ./Free_RTOS/tasks.o
 .bss.xDelayedTaskList2
                0x00800717        0x9 ./Free_RTOS/tasks.o
 .bss.pxDelayedTaskList
                0x00800720        0x2 ./Free_RTOS/tasks.o
 .bss.pxOverflowDelayedTaskList
                0x00800722        0x2 ./Free_RTOS/tasks.o
 .bss.xPendingReadyList
                0x00800724        0x9 ./Free_RTOS/tasks.o
 .bss.xTasksWaitingTermination
                0x0080072d        0x9 ./Free_RTOS/tasks.o
 .bss.flagToWait
                0x00800736        0x1 ./main.o
 .bss.Counter   0x00800737        0x1 ./main.o
 .bss.Is_Printed
                0x00800738        0x1 ./main.o
 *(COMMON)
 COMMON         0x00800739        0x6 ./MCAL/MEXTI/MEXTI_program.o
                0x00800739                global_ptrf_INT2
                0x0080073b                global_ptrf_INT0
                0x0080073d                global_ptrf_INT1
 COMMON         0x0080073f       0x34 ./main.o
                0x0080073f                LCDSem
                0x00800741                CardSem
                0x00800743                PassSem
                0x00800745                Customers
                0x0080076d                PASS_KPD_Message
                0x0080076f                ID_KPD_Message
                0x00800771                ID_Index_Message
                0x00800773                PROVIDE (__bss_end, .)
                0x00004852                __data_load_start = LOADADDR (.data)
                0x00004914                __data_load_end = (__data_load_start + SIZEOF (.data))

.noinit         0x00800773        0x0
                0x00800773                PROVIDE (__noinit_start, .)
 *(.noinit*)
                0x00800773                PROVIDE (__noinit_end, .)
                0x00800773                _end = .
                0x00800773                PROVIDE (__heap_start, .)

.eeprom         0x00810000        0x0
 *(.eeprom*)
                0x00810000                __eeprom_end = .

.fuse
 *(.fuse)
 *(.lfuse)
 *(.hfuse)
 *(.efuse)

.lock
 *(.lock*)

.signature
 *(.signature*)

.stab           0x00000000     0xa464
 *(.stab)
 .stab          0x00000000      0x630 ./MCAL/MTWI/TWI.o
 .stab          0x00000630      0x4ec ./MCAL/MTIMER0/MTIMER0_program.o
                                0x6a8 (size before relaxing)
 .stab          0x00000b1c      0x420 ./MCAL/MEXTI/MEXTI_program.o
                                0x660 (size before relaxing)
 .stab          0x00000f3c      0x1c8 ./MCAL/MADC/MADC_program.o
                                0x24c (size before relaxing)
 .stab          0x00001104      0x144 ./MCAL/GPI/GPI_program.o
                                0x1c8 (size before relaxing)
 .stab          0x00001248      0x8c4 ./MCAL/DIO/DIO_program.o
                                0x948 (size before relaxing)
 .stab          0x00001b0c      0x21c ./HAL/HSSD/HSSD_program.o
                                0x2a0 (size before relaxing)
 .stab          0x00001d28      0x234 ./HAL/HLED/HLED_program.o
                                0x2b8 (size before relaxing)
 .stab          0x00001f5c      0x708 ./HAL/HLCD/HLCD_program.o
                                0x90c (size before relaxing)
 .stab          0x00002664      0x330 ./HAL/HKEYPAD/HKEYPAD_program.o
                                0x540 (size before relaxing)
 .stab          0x00002994      0x6b4 ./HAL/HEEPROM/EEPROM_I2C.o
                                0x8e8 (size before relaxing)
 .stab          0x00003048      0x48c ./Free_RTOS/croutine.o
                                0x648 (size before relaxing)
 .stab          0x000034d4      0xaa4 ./Free_RTOS/event_groups.o
                                0xde0 (size before relaxing)
 .stab          0x00003f78      0x2f4 ./Free_RTOS/heap_1.o
                                0x7bc (size before relaxing)
 .stab          0x0000426c      0x474 ./Free_RTOS/list.o
                                0x870 (size before relaxing)
 .stab          0x000046e0      0x54c ./Free_RTOS/port.o
                                0xa14 (size before relaxing)
 .stab          0x00004c2c     0x16f8 ./Free_RTOS/queue.o
                               0x1bc0 (size before relaxing)
 .stab          0x00006324     0x11c4 ./Free_RTOS/stream_buffer.o
                               0x1644 (size before relaxing)
 .stab          0x000074e8     0x2040 ./Free_RTOS/tasks.o
                               0x2538 (size before relaxing)
 .stab          0x00009528      0x1a4 ./Free_RTOS/timers.o
                                0x6cc (size before relaxing)
 .stab          0x000096cc      0xd98 ./main.o
                               0x1014 (size before relaxing)

.stabstr        0x00000000     0x6b94
 *(.stabstr)
 .stabstr       0x00000000     0x6b94 ./MCAL/MTWI/TWI.o

.stab.excl
 *(.stab.excl)

.stab.exclstr
 *(.stab.exclstr)

.stab.index
 *(.stab.index)

.stab.indexstr
 *(.stab.indexstr)

.comment
 *(.comment)

.debug
 *(.debug)

.line
 *(.line)

.debug_srcinfo
 *(.debug_srcinfo)

.debug_sfnames
 *(.debug_sfnames)

.debug_aranges
 *(.debug_aranges)

.debug_pubnames
 *(.debug_pubnames)

.debug_info
 *(.debug_info)
 *(.gnu.linkonce.wi.*)

.debug_abbrev
 *(.debug_abbrev)

.debug_line
 *(.debug_line)

.debug_frame
 *(.debug_frame)

.debug_str
 *(.debug_str)

.debug_loc
 *(.debug_loc)

.debug_macinfo
 *(.debug_macinfo)
OUTPUT(RTOS_FinalProject.elf elf32-avr)
LOAD linker stubs
